﻿[36mvite v8.0.2 [32mbuilding client environment for production...[36m[39m
[2K
node.exe : 
At line:1 char:1
+ & "C:\Program Files\nodejs/node.exe" "C:\Program Files\nodejs/node_mo 
...
+ ~~~~~~~~~~~~~~~~~~~~~~~~~~~~~~~~~~~~~~~~~~~~~~~~~~~~~~~~~~~~~~~~~~~~~
    + CategoryInfo          : NotSpecified: (:String) [], RemoteExceptio 
   n
    + FullyQualifiedErrorId : NativeCommandError
 
[1m[33mwarn[39m[22m - The `content` option in your Tailwind CSS 
configuration is missing or empty.
[1m[33mwarn[39m[22m - Configure your content sources or your 
generated CSS will be missing styles.
[1m[33mwarn[39m[22m - 
https://tailwindcss.com/docs/content-configuration
transforming...Γ£ô 22 modules transformed.
[31mΓ£ù[39m Build failed in 5.42s
[31merror during build:
[31mBuild failed with 10 errors:

[plugin vite:build-html] C:/Users/Me/.gemini/antigravity/scratch/korblam 
business os/ahmed_nabil_website/services/casted-crown.html
Error: Failed to resolve /../src/main.js from 
C:/Users/Me/.gemini/antigravity/scratch/korblam business 
os/ahmed_nabil_website/services/casted-crown.html
    at file:///C:/Users/Me/.gemini/antigravity/scratch/korblam%20business
%20os/ahmed_nabil_website/node_modules/vite/dist/node/chunks/node.js:2219
9:64
    at async Promise.all (index 0)
    at async TransformPluginContextImpl.handler (file:///C:/Users/Me/.gem
ini/antigravity/scratch/korblam%20business%20os/ahmed_nabil_website/node_
modules/vite/dist/node/chunks/node.js:22297:5)
    at async plugin (file:///C:/Users/Me/.gemini/antigravity/scratch/korb
lam%20business%20os/ahmed_nabil_website/node_modules/rolldown/dist/shared
/bindingify-input-options-DVAZE22h.mjs:1129:16)
    at async plugin.<computed> (file:///C:/Users/Me/.gemini/antigravity/s
cratch/korblam%20business%20os/ahmed_nabil_website/node_modules/rolldown/
dist/shared/bindingify-input-options-DVAZE22h.mjs:1593:12)
[plugin vite:build-html] C:/Users/Me/.gemini/antigravity/scratch/korblam 
business os/ahmed_nabil_website/services/gum-depigmentation.html
Error: Failed to resolve /../src/main.js from 
C:/Users/Me/.gemini/antigravity/scratch/korblam business 
os/ahmed_nabil_website/services/gum-depigmentation.html
    at file:///C:/Users/Me/.gemini/antigravity/scratch/korblam%20business
%20os/ahmed_nabil_website/node_modules/vite/dist/node/chunks/node.js:2219
9:64
    at async Promise.all (index 0)
    at async TransformPluginContextImpl.handler (file:///C:/Users/Me/.gem
ini/antigravity/scratch/korblam%20business%20os/ahmed_nabil_website/node_
modules/vite/dist/node/chunks/node.js:22297:5)
    at async plugin (file:///C:/Users/Me/.gemini/antigravity/scratch/korb
lam%20business%20os/ahmed_nabil_website/node_modules/rolldown/dist/shared
/bindingify-input-options-DVAZE22h.mjs:1129:16)
    at async plugin.<computed> (file:///C:/Users/Me/.gemini/antigravity/s
cratch/korblam%20business%20os/ahmed_nabil_website/node_modules/rolldown/
dist/shared/bindingify-input-options-DVAZE22h.mjs:1593:12)
[plugin vite:build-html] C:/Users/Me/.gemini/antigravity/scratch/korblam 
business os/ahmed_nabil_website/services/hollywood-smile.html
Error: Failed to resolve /../src/main.js from 
C:/Users/Me/.gemini/antigravity/scratch/korblam business 
os/ahmed_nabil_website/services/hollywood-smile.html
    at file:///C:/Users/Me/.gemini/antigravity/scratch/korblam%20business
%20os/ahmed_nabil_website/node_modules/vite/dist/node/chunks/node.js:2219
9:64
    at async Promise.all (index 0)
    at async TransformPluginContextImpl.handler (file:///C:/Users/Me/.gem
ini/antigravity/scratch/korblam%20business%20os/ahmed_nabil_website/node_
modules/vite/dist/node/chunks/node.js:22297:5)
    at async plugin (file:///C:/Users/Me/.gemini/antigravity/scratch/korb
lam%20business%20os/ahmed_nabil_website/node_modules/rolldown/dist/shared
/bindingify-input-options-DVAZE22h.mjs:1129:16)
    at async plugin.<computed> (file:///C:/Users/Me/.gemini/antigravity/s
cratch/korblam%20business%20os/ahmed_nabil_website/node_modules/rolldown/
dist/shared/bindingify-input-options-DVAZE22h.mjs:1593:12)
[plugin vite:build-html] C:/Users/Me/.gemini/antigravity/scratch/korblam 
business os/ahmed_nabil_website/services/orthodontics.html
Error: Failed to resolve /../src/main.js from 
C:/Users/Me/.gemini/antigravity/scratch/korblam business 
os/ahmed_nabil_website/services/orthodontics.html
    at file:///C:/Users/Me/.gemini/antigravity/scratch/korblam%20business
%20os/ahmed_nabil_website/node_modules/vite/dist/node/chunks/node.js:2219
9:64
    at async Promise.all (index 0)
    at async TransformPluginContextImpl.handler (file:///C:/Users/Me/.gem
ini/antigravity/scratch/korblam%20business%20os/ahmed_nabil_website/node_
modules/vite/dist/node/chunks/node.js:22297:5)
    at async plugin (file:///C:/Users/Me/.gemini/antigravity/scratch/korb
lam%20business%20os/ahmed_nabil_website/node_modules/rolldown/dist/shared
/bindingify-input-options-DVAZE22h.mjs:1129:16)
    at async plugin.<computed> (file:///C:/Users/Me/.gemini/antigravity/s
cratch/korblam%20business%20os/ahmed_nabil_website/node_modules/rolldown/
dist/shared/bindingify-input-options-DVAZE22h.mjs:1593:12)
[plugin vite:build-html] C:/Users/Me/.gemini/antigravity/scratch/korblam 
business os/ahmed_nabil_website/services/veneers.html
Error: Failed to resolve /../src/main.js from 
C:/Users/Me/.gemini/antigravity/scratch/korblam business 
os/ahmed_nabil_website/services/veneers.html
    at file:///C:/Users/Me/.gemini/antigravity/scratch/korblam%20business
%20os/ahmed_nabil_website/node_modules/vite/dist/node/chunks/node.js:2219
9:64
    at async Promise.all (index 0)
    at async TransformPluginContextImpl.handler (file:///C:/Users/Me/.gem
ini/antigravity/scratch/korblam%20business%20os/ahmed_nabil_website/node_
modules/vite/dist/node/chunks/node.js:22297:5)
    at async plugin (file:///C:/Users/Me/.gemini/antigravity/scratch/korb
lam%20business%20os/ahmed_nabil_website/node_modules/rolldown/dist/shared
/bindingify-input-options-DVAZE22h.mjs:1129:16)
    at async plugin.<computed> (file:///C:/Users/Me/.gemini/antigravity/s
cratch/korblam%20business%20os/ahmed_nabil_website/node_modules/rolldown/
dist/shared/bindingify-input-options-DVAZE22h.mjs:1593:12)
...[31m
    at aggregateBindingErrorsIntoJsError (file:///C:/Users/Me/.gemini/ant
igravity/scratch/korblam%20business%20os/ahmed_nabil_website/node_modules
/rolldown/dist/shared/error-D8cGyrC7.mjs:48:18)
    at unwrapBindingResult (file:///C:/Users/Me/.gemini/antigravity/scrat
ch/korblam%20business%20os/ahmed_nabil_website/node_modules/rolldown/dist
/shared/error-D8cGyrC7.mjs:18:128)
    at #build (file:///C:/Users/Me/.gemini/antigravity/scratch/korblam%20
business%20os/ahmed_nabil_website/node_modules/rolldown/dist/shared/rolld
own-build-CL9PyQ2E.mjs:3313:34)
    at async buildEnvironment (file:///C:/Users/Me/.gemini/antigravity/sc
ratch/korblam%20business%20os/ahmed_nabil_website/node_modules/vite/dist/
node/chunks/node.js:32829:64)
    at async Object.build (file:///C:/Users/Me/.gemini/antigravity/scratc
h/korblam%20business%20os/ahmed_nabil_website/node_modules/vite/dist/node
/chunks/node.js:33251:19)
    at async Object.buildApp (file:///C:/Users/Me/.gemini/antigravity/scr
atch/korblam%20business%20os/ahmed_nabil_website/node_modules/vite/dist/n
ode/chunks/node.js:33248:153)
    at async CAC.<anonymous> (file:///C:/Users/Me/.gemini/antigravity/scr
atch/korblam%20business%20os/ahmed_nabil_website/node_modules/vite/dist/n
ode/cli.js:778:3) {
  errors: [Getter/Setter]
}[39m
